Archive member included to satisfy reference by file (symbol)

/usr/local/Cellar/arm-none-eabi-gcc/10.3-2021.07/gcc/bin/../lib/gcc/arm-none-eabi/10.3.1/../../../../arm-none-eabi/lib/thumb/v7e-m+dp/hard/libc_nano.a(lib_a-errno.o)
                              CMakeFiles/AddPeripheral.elf.dir/utilities/fsl_sbrk.c.obj (__errno)
/usr/local/Cellar/arm-none-eabi-gcc/10.3-2021.07/gcc/bin/../lib/gcc/arm-none-eabi/10.3.1/../../../../arm-none-eabi/lib/thumb/v7e-m+dp/hard/libc_nano.a(lib_a-exit.o)
                              /usr/local/Cellar/arm-none-eabi-gcc/10.3-2021.07/gcc/bin/../lib/gcc/arm-none-eabi/10.3.1/../../../../arm-none-eabi/lib/thumb/v7e-m+dp/hard/crt0.o (exit)
/usr/local/Cellar/arm-none-eabi-gcc/10.3-2021.07/gcc/bin/../lib/gcc/arm-none-eabi/10.3.1/../../../../arm-none-eabi/lib/thumb/v7e-m+dp/hard/libc_nano.a(lib_a-impure.o)
                              /usr/local/Cellar/arm-none-eabi-gcc/10.3-2021.07/gcc/bin/../lib/gcc/arm-none-eabi/10.3.1/../../../../arm-none-eabi/lib/thumb/v7e-m+dp/hard/libc_nano.a(lib_a-exit.o) (_global_impure_ptr)
/usr/local/Cellar/arm-none-eabi-gcc/10.3-2021.07/gcc/bin/../lib/gcc/arm-none-eabi/10.3.1/../../../../arm-none-eabi/lib/thumb/v7e-m+dp/hard/libc_nano.a(lib_a-init.o)
                              /usr/local/Cellar/arm-none-eabi-gcc/10.3-2021.07/gcc/bin/../lib/gcc/arm-none-eabi/10.3.1/../../../../arm-none-eabi/lib/thumb/v7e-m+dp/hard/crt0.o (__libc_init_array)
/usr/local/Cellar/arm-none-eabi-gcc/10.3-2021.07/gcc/bin/../lib/gcc/arm-none-eabi/10.3.1/../../../../arm-none-eabi/lib/thumb/v7e-m+dp/hard/libc_nano.a(lib_a-malloc.o)
                              CMakeFiles/AddPeripheral.elf.dir/drivers/fsl_common.c.obj (malloc)
/usr/local/Cellar/arm-none-eabi-gcc/10.3-2021.07/gcc/bin/../lib/gcc/arm-none-eabi/10.3.1/../../../../arm-none-eabi/lib/thumb/v7e-m+dp/hard/libc_nano.a(lib_a-memset.o)
                              /usr/local/Cellar/arm-none-eabi-gcc/10.3-2021.07/gcc/bin/../lib/gcc/arm-none-eabi/10.3.1/../../../../arm-none-eabi/lib/thumb/v7e-m+dp/hard/crt0.o (memset)
/usr/local/Cellar/arm-none-eabi-gcc/10.3-2021.07/gcc/bin/../lib/gcc/arm-none-eabi/10.3.1/../../../../arm-none-eabi/lib/thumb/v7e-m+dp/hard/libc_nano.a(lib_a-nano-freer.o)
                              /usr/local/Cellar/arm-none-eabi-gcc/10.3-2021.07/gcc/bin/../lib/gcc/arm-none-eabi/10.3.1/../../../../arm-none-eabi/lib/thumb/v7e-m+dp/hard/libc_nano.a(lib_a-malloc.o) (_free_r)
/usr/local/Cellar/arm-none-eabi-gcc/10.3-2021.07/gcc/bin/../lib/gcc/arm-none-eabi/10.3.1/../../../../arm-none-eabi/lib/thumb/v7e-m+dp/hard/libc_nano.a(lib_a-nano-mallocr.o)
                              /usr/local/Cellar/arm-none-eabi-gcc/10.3-2021.07/gcc/bin/../lib/gcc/arm-none-eabi/10.3.1/../../../../arm-none-eabi/lib/thumb/v7e-m+dp/hard/libc_nano.a(lib_a-malloc.o) (_malloc_r)
/usr/local/Cellar/arm-none-eabi-gcc/10.3-2021.07/gcc/bin/../lib/gcc/arm-none-eabi/10.3.1/../../../../arm-none-eabi/lib/thumb/v7e-m+dp/hard/libc_nano.a(lib_a-sbrkr.o)
                              /usr/local/Cellar/arm-none-eabi-gcc/10.3-2021.07/gcc/bin/../lib/gcc/arm-none-eabi/10.3.1/../../../../arm-none-eabi/lib/thumb/v7e-m+dp/hard/libc_nano.a(lib_a-nano-mallocr.o) (_sbrk_r)
/usr/local/Cellar/arm-none-eabi-gcc/10.3-2021.07/gcc/bin/../lib/gcc/arm-none-eabi/10.3.1/../../../../arm-none-eabi/lib/thumb/v7e-m+dp/hard/libc_nano.a(lib_a-strlen.o)
                              CMakeFiles/AddPeripheral.elf.dir/utilities/fsl_debug_console.c.obj (strlen)
/usr/local/Cellar/arm-none-eabi-gcc/10.3-2021.07/gcc/bin/../lib/gcc/arm-none-eabi/10.3.1/../../../../arm-none-eabi/lib/thumb/v7e-m+dp/hard/libc_nano.a(lib_a-mlock.o)
                              /usr/local/Cellar/arm-none-eabi-gcc/10.3-2021.07/gcc/bin/../lib/gcc/arm-none-eabi/10.3.1/../../../../arm-none-eabi/lib/thumb/v7e-m+dp/hard/libc_nano.a(lib_a-nano-freer.o) (__malloc_lock)
/usr/local/Cellar/arm-none-eabi-gcc/10.3-2021.07/gcc/bin/../lib/gcc/arm-none-eabi/10.3.1/../../../../arm-none-eabi/lib/thumb/v7e-m+dp/hard/libc_nano.a(lib_a-reent.o)
                              /usr/local/Cellar/arm-none-eabi-gcc/10.3-2021.07/gcc/bin/../lib/gcc/arm-none-eabi/10.3.1/../../../../arm-none-eabi/lib/thumb/v7e-m+dp/hard/libc_nano.a(lib_a-sbrkr.o) (errno)
/usr/local/Cellar/arm-none-eabi-gcc/10.3-2021.07/gcc/bin/../lib/gcc/arm-none-eabi/10.3.1/../../../../arm-none-eabi/lib/thumb/v7e-m+dp/hard/libc_nano.a(lib_a-lock.o)
                              /usr/local/Cellar/arm-none-eabi-gcc/10.3-2021.07/gcc/bin/../lib/gcc/arm-none-eabi/10.3.1/../../../../arm-none-eabi/lib/thumb/v7e-m+dp/hard/libc_nano.a(lib_a-mlock.o) (__retarget_lock_acquire_recursive)
/usr/local/Cellar/arm-none-eabi-gcc/10.3-2021.07/gcc/bin/../lib/gcc/arm-none-eabi/10.3.1/thumb/v7e-m+dp/hard/libgcc.a(_aeabi_uldivmod.o)
                              CMakeFiles/AddPeripheral.elf.dir/drivers/fsl_common_arm.c.obj (__aeabi_uldivmod)
/usr/local/Cellar/arm-none-eabi-gcc/10.3-2021.07/gcc/bin/../lib/gcc/arm-none-eabi/10.3.1/thumb/v7e-m+dp/hard/libgcc.a(_udivmoddi4.o)
[...]
Memory Configuration

Name             Origin             Length             Attributes
m_flash_config   0x0000000060000000 0x0000000000001000 xr
m_ivt            0x0000000060001000 0x0000000000001000 xr
m_interrupts     0x0000000060002000 0x0000000000000400 xr
m_text           0x0000000060002400 0x00000000007fdc00 xr
m_qacode         0x0000000000000000 0x0000000000010000 xr
m_data           0x0000000080000000 0x0000000001dffc00 rw
m_ncache         0x0000000081e00000 0x0000000000200000 rw
m_data2          0x0000000020000000 0x0000000000010000 rw
m_data3          0x0000000020200000 0x0000000000020000 rw
m_heap           0x0000000081dffc00 0x0000000000000400 rw
*default*        0x0000000000000000 0xffffffffffffffff

Linker script and memory map

LOAD /usr/local/Cellar/arm-none-eabi-gcc/10.3-2021.07/gcc/bin/../lib/gcc/arm-none-eabi/10.3.1/thumb/v7e-m+dp/hard/crti.o
LOAD /usr/local/Cellar/arm-none-eabi-gcc/10.3-2021.07/gcc/bin/../lib/gcc/arm-none-eabi/10.3.1/thumb/v7e-m+dp/hard/crtbegin.o
LOAD /usr/local/Cellar/arm-none-eabi-gcc/10.3-2021.07/gcc/bin/../lib/gcc/arm-none-eabi/10.3.1/../../../../arm-none-eabi/lib/thumb/v7e-m+dp/hard/crt0.o
LOAD CMakeFiles/AddPeripheral.elf.dir/board/board.c.obj
LOAD CMakeFiles/AddPeripheral.elf.dir/board/clock_config.c.obj
LOAD CMakeFiles/AddPeripheral.elf.dir/board/dcd.c.obj
LOAD CMakeFiles/AddPeripheral.elf.dir/board/pin_mux.c.obj
LOAD CMakeFiles/AddPeripheral.elf.dir/source/hello_world.c.obj
LOAD CMakeFiles/AddPeripheral.elf.dir/utilities/fsl_debug_console.c.obj
LOAD CMakeFiles/AddPeripheral.elf.dir/component/uart/fsl_adapter_lpuart.c.obj
LOAD CMakeFiles/AddPeripheral.elf.dir/drivers/fsl_common.c.obj
LOAD CMakeFiles/AddPeripheral.elf.dir/drivers/fsl_common_arm.c.obj
LOAD CMakeFiles/AddPeripheral.elf.dir/drivers/fsl_clock.c.obj
LOAD CMakeFiles/AddPeripheral.elf.dir/drivers/fsl_lpuart.c.obj
LOAD CMakeFiles/AddPeripheral.elf.dir/utilities/fsl_assert.c.obj
LOAD CMakeFiles/AddPeripheral.elf.dir/component/lists/fsl_component_generic_list.c.obj
LOAD CMakeFiles/AddPeripheral.elf.dir/startup/startup_MIMXRT1021.S.obj
LOAD CMakeFiles/AddPeripheral.elf.dir/device/system_MIMXRT1021.c.obj
LOAD CMakeFiles/AddPeripheral.elf.dir/drivers/fsl_gpio.c.obj
LOAD CMakeFiles/AddPeripheral.elf.dir/xip/fsl_flexspi_nor_boot.c.obj
LOAD CMakeFiles/AddPeripheral.elf.dir/xip/evkmimxrt1020_flexspi_nor_config.c.obj
LOAD CMakeFiles/AddPeripheral.elf.dir/utilities/fsl_sbrk.c.obj
START GROUP
LOAD /usr/local/Cellar/arm-none-eabi-gcc/10.3-2021.07/gcc/bin/../lib/gcc/arm-none-eabi/10.3.1/../../../../arm-none-eabi/lib/thumb/v7e-m+dp/hard/libm.a
LOAD /usr/local/Cellar/arm-none-eabi-gcc/10.3-2021.07/gcc/bin/../lib/gcc/arm-none-eabi/10.3.1/../../../../arm-none-eabi/lib/thumb/v7e-m+dp/hard/libc_nano.a
LOAD /usr/local/Cellar/arm-none-eabi-gcc/10.3-2021.07/gcc/bin/../lib/gcc/arm-none-eabi/10.3.1/thumb/v7e-m+dp/hard/libgcc.a
LOAD /usr/local/Cellar/arm-none-eabi-gcc/10.3-2021.07/gcc/bin/../lib/gcc/arm-none-eabi/10.3.1/../../../../arm-none-eabi/lib/thumb/v7e-m+dp/hard/libnosys.a
END GROUP
START GROUP
LOAD /usr/local/Cellar/arm-none-eabi-gcc/10.3-2021.07/gcc/bin/../lib/gcc/arm-none-eabi/10.3.1/thumb/v7e-m+dp/hard/libgcc.a
LOAD /usr/local/Cellar/arm-none-eabi-gcc/10.3-2021.07/gcc/bin/../lib/gcc/arm-none-eabi/10.3.1/../../../../arm-none-eabi/lib/thumb/v7e-m+dp/hard/libg_nano.a
LOAD /usr/local/Cellar/arm-none-eabi-gcc/10.3-2021.07/gcc/bin/../lib/gcc/arm-none-eabi/10.3.1/../../../../arm-none-eabi/lib/thumb/v7e-m+dp/hard/libc_nano.a
END GROUP
START GROUP
LOAD /usr/local/Cellar/arm-none-eabi-gcc/10.3-2021.07/gcc/bin/../lib/gcc/arm-none-eabi/10.3.1/thumb/v7e-m+dp/hard/libgcc.a
LOAD /usr/local/Cellar/arm-none-eabi-gcc/10.3-2021.07/gcc/bin/../lib/gcc/arm-none-eabi/10.3.1/../../../../arm-none-eabi/lib/thumb/v7e-m+dp/hard/libc_nano.a
LOAD /usr/local/Cellar/arm-none-eabi-gcc/10.3-2021.07/gcc/bin/../lib/gcc/arm-none-eabi/10.3.1/../../../../arm-none-eabi/lib/thumb/v7e-m+dp/hard/libnosys.a
END GROUP
START GROUP
LOAD /usr/local/Cellar/arm-none-eabi-gcc/10.3-2021.07/gcc/bin/../lib/gcc/arm-none-eabi/10.3.1/thumb/v7e-m+dp/hard/libgcc.a
LOAD /usr/local/Cellar/arm-none-eabi-gcc/10.3-2021.07/gcc/bin/../lib/gcc/arm-none-eabi/10.3.1/../../../../arm-none-eabi/lib/thumb/v7e-m+dp/hard/libc_nano.a
LOAD /usr/local/Cellar/arm-none-eabi-gcc/10.3-2021.07/gcc/bin/../lib/gcc/arm-none-eabi/10.3.1/../../../../arm-none-eabi/lib/thumb/v7e-m+dp/hard/libnosys.a
END GROUP
LOAD /usr/local/Cellar/arm-none-eabi-gcc/10.3-2021.07/gcc/bin/../lib/gcc/arm-none-eabi/10.3.1/thumb/v7e-m+dp/hard/crtend.o
LOAD /usr/local/Cellar/arm-none-eabi-gcc/10.3-2021.07/gcc/bin/../lib/gcc/arm-none-eabi/10.3.1/thumb/v7e-m+dp/hard/crtn.o
                0x0000000000000400                HEAP_SIZE = DEFINED (__heap_size__)?__heap_size__:0x400
                0x0000000000000400                STACK_SIZE = DEFINED (__stack_size__)?__stack_size__:0x400
                0x0000000000000000                VECTOR_RAM_SIZE = DEFINED (__ram_vector_table__)?0x400:0x0
                0x0000000081dffc00                NCACHE_HEAP_START = DEFINED (__heap_noncacheable__)?(0x82000000 - HEAP_SIZE):(0x81e00000 - HEAP_SIZE)
                0x0000000000000000                NCACHE_HEAP_SIZE = DEFINED (__heap_noncacheable__)?HEAP_SIZE:0x0
                0x0000000081e00000                __NCACHE_REGION_START = ORIGIN (m_ncache)
                0x0000000000200000                __NCACHE_REGION_SIZE = (LENGTH (m_ncache) + NCACHE_HEAP_SIZE)

.flash_config   0x0000000060000000      0x200
                0x0000000060000000                . = ALIGN (0x4)
                0x0000000060000000                __FLASH_BASE = .
 *(.boot_hdr.conf)
 .boot_hdr.conf
                0x0000000060000000      0x200 CMakeFiles/AddPeripheral.elf.dir/xip/evkmimxrt1020_flexspi_nor_config.c.obj
                0x0000000060000000                qspiflash_config
                0x0000000060000200                . = ALIGN (0x4)
                0x0000000060001000                ivt_begin = (ORIGIN (m_flash_config) + LENGTH (m_flash_config))

.ivt            0x0000000060001000      0x418
                0x0000000060001000                . = ALIGN (0x4)
 *(.boot_hdr.ivt)
 .boot_hdr.ivt  0x0000000060001000       0x20 CMakeFiles/AddPeripheral.elf.dir/xip/fsl_flexspi_nor_boot.c.obj
                0x0000000060001000                image_vector_table
 *(.boot_hdr.boot_data)
 .boot_hdr.boot_data
                0x0000000060001020       0x10 CMakeFiles/AddPeripheral.elf.dir/xip/fsl_flexspi_nor_boot.c.obj
                0x0000000060001020                boot_data
 *(.boot_hdr.dcd_data)
 .boot_hdr.dcd_data
                0x0000000060001030      0x3e8 CMakeFiles/AddPeripheral.elf.dir/board/dcd.c.obj
                0x0000000060001030                dcd_data
                0x0000000060001418                . = ALIGN (0x4)

.interrupts     0x0000000060002000      0x400
                0x0000000060002000                __VECTOR_TABLE = .
                0x0000000060002000                __Vectors = .
                0x0000000060002000                . = ALIGN (0x4)
 *(.isr_vector)
 .isr_vector    0x0000000060002000      0x400 CMakeFiles/AddPeripheral.elf.dir/startup/startup_MIMXRT1021.S.obj
                0x0000000060002000                __isr_vector
                0x0000000060002400                . = ALIGN (0x4)

.text           0x0000000060002400     0x2400
                0x0000000060002400                . = ALIGN (0x4)
 *(.text)
 .text          0x0000000060002400       0x40 /usr/local/Cellar/arm-none-eabi-gcc/10.3-2021.07/gcc/bin/../lib/gcc/arm-none-eabi/10.3.1/thumb/v7e-m+dp/hard/crtbegin.o
 .text          0x0000000060002440       0x7c /usr/local/Cellar/arm-none-eabi-gcc/10.3-2021.07/gcc/bin/../lib/gcc/arm-none-eabi/10.3.1/../../../../arm-none-eabi/lib/thumb/v7e-m+dp/hard/crt0.o
                0x0000000060002440                _stack_init
                0x0000000060002448                _mainCRTStartup
                0x0000000060002448                _start
 .text          0x00000000600024bc      0x228 CMakeFiles/AddPeripheral.elf.dir/startup/startup_MIMXRT1021.S.obj
                0x00000000600024bc                Reset_Handler
                0x0000000060002548                LPSPI2_DriverIRQHandler
                0x0000000060002548                ADC_ETC_IRQ0_IRQHandler
                0x0000000060002548                DebugMon_Handler
                0x0000000060002548                SAI3_RX_DriverIRQHandler
                0x0000000060002548                DMA13_DMA29_DriverIRQHandler
                0x0000000060002548                Reserved86_IRQHandler
                0x0000000060002548                SRC_IRQHandler
                0x0000000060002548                LPSPI4_DriverIRQHandler
                0x0000000060002548                Reserved60_IRQHandler
                0x0000000060002548                DMA9_DMA25_DriverIRQHandler
                0x0000000060002548                Reserved148_IRQHandler
                0x0000000060002548                GPIO1_INT4_IRQHandler
                0x0000000060002548                CCM_2_IRQHandler
                0x0000000060002548                KPP_IRQHandler
                0x0000000060002548                ADC2_IRQHandler
                0x0000000060002548                USDHC2_DriverIRQHandler
                0x0000000060002548                MemManage_Handler
                0x0000000060002548                SAI2_DriverIRQHandler
                0x0000000060002548                PIT_IRQHandler
                0x0000000060002548                Reserved115_IRQHandler
                0x0000000060002548                SNVS_HP_WRAPPER_IRQHandler
                0x0000000060002548                DMA11_DMA27_DriverIRQHandler
                0x0000000060002548                Reserved147_IRQHandler
                0x0000000060002548                XBAR1_IRQ_2_3_IRQHandler
                0x0000000060002548                LPI2C1_DriverIRQHandler
                0x0000000060002548                DCP_IRQHandler
                0x0000000060002548                Reserved123_IRQHandler
                0x0000000060002548                DMA4_DMA20_DriverIRQHandler
                0x0000000060002548                GPIO1_INT3_IRQHandler
                0x0000000060002548                GPIO1_Combined_0_15_IRQHandler
                0x0000000060002548                LPSPI1_DriverIRQHandler
                0x0000000060002548                Reserved152_IRQHandler
                0x0000000060002548                DMA3_DMA19_DriverIRQHandler
                0x0000000060002548                ACMP3_IRQHandler
                0x0000000060002548                ENC1_IRQHandler
                0x0000000060002548                PWM1_FAULT_IRQHandler
                0x0000000060002548                Reserved143_IRQHandler
                0x0000000060002548                GPIO2_Combined_16_31_IRQHandler
                0x0000000060002548                LPI2C4_DriverIRQHandler
                0x0000000060002548                PMU_IRQHandler
                0x0000000060002548                XBAR1_IRQ_0_1_IRQHandler
                0x0000000060002548                SNVS_HP_WRAPPER_TZ_IRQHandler
                0x0000000060002548                SAI3_TX_DriverIRQHandler
                0x0000000060002548                ACMP2_IRQHandler
                0x0000000060002548                GPT2_IRQHandler
                0x0000000060002548                FLEXRAM_IRQHandler
                0x0000000060002548                DMA5_DMA21_DriverIRQHandler
                0x0000000060002548                USB_PHY_IRQHandler
                0x0000000060002548                Reserved56_IRQHandler
                0x0000000060002548                ACMP1_IRQHandler
                0x0000000060002548                BusFault_Handler
                0x0000000060002548                Reserved87_IRQHandler
                0x0000000060002548                DMA15_DMA31_DriverIRQHandler
                0x0000000060002548                LPSPI3_DriverIRQHandler
                0x0000000060002548                LPI2C2_DriverIRQHandler
                0x0000000060002548                DMA_ERROR_DriverIRQHandler
                0x0000000060002548                CAN1_DriverIRQHandler
                0x0000000060002548                TMR1_IRQHandler
                0x0000000060002548                TRNG_IRQHandler
                0x0000000060002548                CTI1_ERROR_IRQHandler
                0x0000000060002548                PWM1_3_IRQHandler
                0x0000000060002548                GPIO2_Combined_0_15_IRQHandler
                0x0000000060002548                SPDIF_DriverIRQHandler
                0x0000000060002548                GPIO1_INT2_IRQHandler
                0x0000000060002548                Reserved103_IRQHandler
                0x0000000060002548                ENC2_IRQHandler
                0x0000000060002548                PWM2_2_IRQHandler
                0x0000000060002548                GPIO1_INT7_IRQHandler
                0x0000000060002548                CCM_1_IRQHandler
                0x0000000060002548                Reserved59_IRQHandler
                0x0000000060002548                ADC_ETC_IRQ1_IRQHandler
                0x0000000060002548                DMA7_DMA23_DriverIRQHandler
                0x0000000060002548                CTI0_ERROR_IRQHandler
                0x0000000060002548                GPIO5_Combined_0_15_IRQHandler
                0x0000000060002548                PWM1_0_IRQHandler
                0x0000000060002548                Reserved68_IRQHandler
                0x0000000060002548                LPI2C3_DriverIRQHandler
                0x0000000060002548                PWM2_0_IRQHandler
                0x0000000060002548                DCP_VMI_IRQHandler
                0x0000000060002548                DMA14_DMA30_DriverIRQHandler
                0x0000000060002548                ENET_1588_Timer_DriverIRQHandler
                0x0000000060002548                PWM2_1_IRQHandler
                0x0000000060002548                PWM2_FAULT_IRQHandler
                0x0000000060002548                UsageFault_Handler
                0x0000000060002548                WDOG1_IRQHandler
                0x0000000060002548                Reserved151_IRQHandler
                0x0000000060002548                GPT1_IRQHandler
                0x0000000060002548                ACMP4_IRQHandler
                0x0000000060002548                SEMC_IRQHandler
                0x0000000060002548                DMA0_DMA16_DriverIRQHandler
                0x0000000060002548                DefaultISR
                0x0000000060002548                Reserved58_IRQHandler
                0x0000000060002548                PWM1_1_IRQHandler
                0x0000000060002548                DMA2_DMA18_DriverIRQHandler
                0x0000000060002548                Reserved82_IRQHandler
                0x0000000060002548                USDHC1_DriverIRQHandler
                0x0000000060002548                GPIO1_INT0_IRQHandler
                0x0000000060002548                CSU_IRQHandler
                0x0000000060002548                Reserved70_IRQHandler
                0x0000000060002548                ADC1_IRQHandler
                0x0000000060002548                FLEXIO1_DriverIRQHandler
                0x0000000060002548                ENET_DriverIRQHandler
                0x0000000060002548                GPIO1_Combined_16_31_IRQHandler
                0x0000000060002548                Reserved128_IRQHandler
                0x0000000060002548                RTWDOG_IRQHandler
                0x0000000060002548                Reserved78_IRQHandler
                0x0000000060002548                SAI1_DriverIRQHandler
                0x0000000060002548                DMA12_DMA28_DriverIRQHandler
                0x0000000060002548                GPIO3_Combined_16_31_IRQHandler
                0x0000000060002548                EWM_IRQHandler
                0x0000000060002548                TEMP_LOW_HIGH_IRQHandler
                0x0000000060002548                WDOG2_IRQHandler
                0x0000000060002548                GPIO1_INT5_IRQHandler
                0x0000000060002548                FLEXSPI_DriverIRQHandler
                0x0000000060002548                PWM2_3_IRQHandler
                0x0000000060002548                CORE_IRQHandler
                0x0000000060002548                DMA10_DMA26_DriverIRQHandler
                0x0000000060002548                TEMP_PANIC_IRQHandler
                0x0000000060002548                GPIO1_INT6_IRQHandler
                0x0000000060002548                PWM1_2_IRQHandler
                0x0000000060002548                Reserved144_IRQHandler
                0x0000000060002548                GPR_IRQ_IRQHandler
                0x0000000060002548                GPC_IRQHandler
                0x0000000060002548                DCDC_IRQHandler
                0x0000000060002548                GPIO3_Combined_0_15_IRQHandler
                0x0000000060002548                Reserved107_IRQHandler
                0x0000000060002548                DMA1_DMA17_DriverIRQHandler
                0x0000000060002548                USB_OTG1_IRQHandler
                0x0000000060002548                CAN2_DriverIRQHandler
                0x0000000060002548                Reserved102_IRQHandler
                0x0000000060002548                GPIO5_Combined_16_31_IRQHandler
                0x0000000060002548                TMR2_IRQHandler
                0x0000000060002548                ADC_ETC_ERROR_IRQ_IRQHandler
                0x0000000060002548                DMA8_DMA24_DriverIRQHandler
                0x0000000060002548                DMA6_DMA22_DriverIRQHandler
                0x0000000060002548                BEE_IRQHandler
                0x0000000060002548                GPIO1_INT1_IRQHandler
                0x0000000060002548                SNVS_LP_HP_WRAPPER_IRQHandler
                0x0000000060002548                ADC_ETC_IRQ2_IRQHandler
                0x000000006000254c                NMI_Handler
                0x0000000060002550                HardFault_Handler
                0x0000000060002554                SVC_Handler
                0x0000000060002558                PendSV_Handler
                0x000000006000255c                SysTick_Handler
                0x0000000060002560                DMA0_DMA16_IRQHandler
                0x0000000060002564                DMA1_DMA17_IRQHandler
                0x0000000060002568                DMA2_DMA18_IRQHandler
                0x000000006000256c                DMA3_DMA19_IRQHandler
                0x0000000060002570                DMA4_DMA20_IRQHandler
                0x0000000060002574                DMA5_DMA21_IRQHandler
                0x0000000060002578                DMA6_DMA22_IRQHandler
                0x000000006000257c                DMA7_DMA23_IRQHandler
                0x0000000060002580                DMA8_DMA24_IRQHandler
                0x0000000060002584                DMA9_DMA25_IRQHandler
                0x0000000060002588                DMA10_DMA26_IRQHandler
                0x000000006000258c                DMA11_DMA27_IRQHandler
                0x0000000060002590                DMA12_DMA28_IRQHandler
                0x0000000060002594                DMA13_DMA29_IRQHandler
                0x0000000060002598                DMA14_DMA30_IRQHandler
                0x000000006000259c                DMA15_DMA31_IRQHandler
                0x00000000600025a0                DMA_ERROR_IRQHandler
                0x00000000600025a4                LPUART1_IRQHandler
                0x00000000600025a8                LPUART2_IRQHandler
                0x00000000600025ac                LPUART3_IRQHandler
                0x00000000600025b0                LPUART4_IRQHandler
                0x00000000600025b4                LPUART5_IRQHandler
                0x00000000600025b8                LPUART6_IRQHandler
                0x00000000600025bc                LPUART7_IRQHandler
                0x00000000600025c0                LPUART8_IRQHandler
                0x00000000600025c4                LPI2C1_IRQHandler
                0x00000000600025c8                LPI2C2_IRQHandler
                0x00000000600025cc                LPI2C3_IRQHandler
                0x00000000600025d0                LPI2C4_IRQHandler
                0x00000000600025d4                LPSPI1_IRQHandler
                0x00000000600025d8                LPSPI2_IRQHandler
                0x00000000600025dc                LPSPI3_IRQHandler
                0x00000000600025e0                LPSPI4_IRQHandler
                0x00000000600025e4                CAN1_IRQHandler
                0x00000000600025e8                CAN2_IRQHandler
                0x00000000600025ec                SAI1_IRQHandler
                0x00000000600025f0                SAI2_IRQHandler
                0x00000000600025f4                SAI3_RX_IRQHandler
                0x00000000600025f8                SAI3_TX_IRQHandler
                0x00000000600025fc                SPDIF_IRQHandler
                0x0000000060002600                FLEXIO1_IRQHandler
                0x0000000060002604                FLEXSPI_IRQHandler
                0x0000000060002608                USDHC1_IRQHandler
                0x000000006000260c                USDHC2_IRQHandler
                0x0000000060002610                ENET_IRQHandler
                0x0000000060002614                ENET_1588_Timer_IRQHandler
 .text          0x00000000600026e4       0x10 /usr/local/Cellar/arm-none-eabi-gcc/10.3-2021.07/gcc/bin/../lib/gcc/arm-none-eabi/10.3.1/../../../../arm-none-eabi/lib/thumb/v7e-m+dp/hard/libc_nano.a(lib_a-strlen.o)
                0x00000000600026e4                strlen
 *(.text*)
 .text.ARM_MPU_Enable
                0x00000000600026f4       0x40 CMakeFiles/AddPeripheral.elf.dir/board/board.c.obj
 .text.ARM_MPU_Disable
                0x0000000060002734       0x34 CMakeFiles/AddPeripheral.elf.dir/board/board.c.obj
 .text.CLOCK_GetMux
                0x0000000060002768       0x1c CMakeFiles/AddPeripheral.elf.dir/board/board.c.obj
 .text.CLOCK_GetDiv
                0x0000000060002784       0x1c CMakeFiles/AddPeripheral.elf.dir/board/board.c.obj
 .text.CLOCK_GetOscFreq
                0x00000000600027a0       0x24 CMakeFiles/AddPeripheral.elf.dir/board/board.c.obj
 .text.BOARD_DebugConsoleSrcFreq
                0x00000000600027c4       0x4c CMakeFiles/AddPeripheral.elf.dir/board/board.c.obj
                0x00000000600027c4                BOARD_DebugConsoleSrcFreq
 .text.BOARD_InitDebugConsole
                0x0000000060002810       0x16 CMakeFiles/AddPeripheral.elf.dir/board/board.c.obj
                0x0000000060002810                BOARD_InitDebugConsole
 *fill*         0x0000000060002826        0x2 
 .text.BOARD_ConfigMPU
                0x0000000060002828      0x274 CMakeFiles/AddPeripheral.elf.dir/board/board.c.obj
                0x0000000060002828                BOARD_ConfigMPU
 .text._SDK_AtomicLocalClearAndSet4Byte
                0x0000000060002a9c       0x1a CMakeFiles/AddPeripheral.elf.dir/board/clock_config.c.obj
 *fill*         0x0000000060002ab6        0x2 
 .text.CLOCK_SetMux
                0x0000000060002ab8       0x60 CMakeFiles/AddPeripheral.elf.dir/board/clock_config.c.obj
 .text.CLOCK_SetDiv
                0x0000000060002b18       0x60 CMakeFiles/AddPeripheral.elf.dir/board/clock_config.c.obj
 .text.CLOCK_ControlGate
                0x0000000060002b78       0x40 CMakeFiles/AddPeripheral.elf.dir/board/clock_config.c.obj
 .text.CLOCK_DisableClock
                0x0000000060002bb8        0xa CMakeFiles/AddPeripheral.elf.dir/board/clock_config.c.obj
 *fill*         0x0000000060002bc2        0x2 
 .text.CLOCK_SetXtalFreq
                0x0000000060002bc4        0xc CMakeFiles/AddPeripheral.elf.dir/board/clock_config.c.obj
 .text.CLOCK_SetRtcXtalFreq
                0x0000000060002bd0        0xc CMakeFiles/AddPeripheral.elf.dir/board/clock_config.c.obj
 .text.CLOCK_SetPllBypass
                0x0000000060002bdc       0x1e CMakeFiles/AddPeripheral.elf.dir/board/clock_config.c.obj
 .text.IOMUXC_SetSaiMClkClockSource
                0x0000000060002bfa       0x38 CMakeFiles/AddPeripheral.elf.dir/board/clock_config.c.obj
 *fill*         0x0000000060002c32        0x2 
 .text.IOMUXC_MQSConfig
                0x0000000060002c34       0x20 CMakeFiles/AddPeripheral.elf.dir/board/clock_config.c.obj
 .text.BOARD_InitBootClocks
                0x0000000060002c54        0x8 CMakeFiles/AddPeripheral.elf.dir/board/clock_config.c.obj
                0x0000000060002c54                BOARD_InitBootClocks
 .text.BOARD_BootClockRUN
                0x0000000060002c5c      0x44c CMakeFiles/AddPeripheral.elf.dir/board/clock_config.c.obj
                0x0000000060002c5c                BOARD_BootClockRUN
 .text._SDK_AtomicLocalClearAndSet4Byte
                0x00000000600030a8       0x1a CMakeFiles/AddPeripheral.elf.dir/board/pin_mux.c.obj
 *fill*         0x00000000600030c2        0x2 
 .text.CLOCK_ControlGate
                0x00000000600030c4       0x40 CMakeFiles/AddPeripheral.elf.dir/board/pin_mux.c.obj
 .text.CLOCK_EnableClock
                0x0000000060003104        0xa CMakeFiles/AddPeripheral.elf.dir/board/pin_mux.c.obj
 .text.IOMUXC_SetPinMux
                0x000000006000310e       0x20 CMakeFiles/AddPeripheral.elf.dir/board/pin_mux.c.obj
 .text.IOMUXC_SetPinConfig
                0x000000006000312e        0xa CMakeFiles/AddPeripheral.elf.dir/board/pin_mux.c.obj
 .text.BOARD_InitBootPins
                0x0000000060003138        0x8 CMakeFiles/AddPeripheral.elf.dir/board/pin_mux.c.obj
                0x0000000060003138                BOARD_InitBootPins
 .text.BOARD_InitPins
                0x0000000060003140       0xb4 CMakeFiles/AddPeripheral.elf.dir/board/pin_mux.c.obj
                0x0000000060003140                BOARD_InitPins
 .text.main     0x00000000600031f4       0x28 CMakeFiles/AddPeripheral.elf.dir/source/hello_world.c.obj
                0x00000000600031f4                main
 .text.DbgConsole_Init
                0x000000006000321c       0x58 CMakeFiles/AddPeripheral.elf.dir/utilities/fsl_debug_console.c.obj
                0x000000006000321c                DbgConsole_Init
 .text.DbgConsole_Printf
                0x0000000060003274       0x30 CMakeFiles/AddPeripheral.elf.dir/utilities/fsl_debug_console.c.obj
                0x0000000060003274                DbgConsole_Printf
 .text.DbgConsole_Putchar
                0x00000000600032a4       0x28 CMakeFiles/AddPeripheral.elf.dir/utilities/fsl_debug_console.c.obj
                0x00000000600032a4                DbgConsole_Putchar
 .text.DbgConsole_Getchar
                0x00000000600032cc       0x34 CMakeFiles/AddPeripheral.elf.dir/utilities/fsl_debug_console.c.obj
                0x00000000600032cc                DbgConsole_Getchar
 .text.DbgConsole_PrintfPaddingCharacter
                0x0000000060003300       0x26 CMakeFiles/AddPeripheral.elf.dir/utilities/fsl_debug_console.c.obj
 .text.DbgConsole_ConvertRadixNumToString
                0x0000000060003326       0x4e CMakeFiles/AddPeripheral.elf.dir/utilities/fsl_debug_console.c.obj
 .text.DbgConsole_PrintfFormattedData
                0x0000000060003374      0x242 CMakeFiles/AddPeripheral.elf.dir/utilities/fsl_debug_console.c.obj
 .text.HAL_UartGetStatus
                0x00000000600035b6        0xa CMakeFiles/AddPeripheral.elf.dir/component/uart/fsl_adapter_lpuart.c.obj
 .text.HAL_UartInitCommon
                0x00000000600035c0       0x78 CMakeFiles/AddPeripheral.elf.dir/component/uart/fsl_adapter_lpuart.c.obj
 .text.HAL_UartInit
                0x0000000060003638       0x78 CMakeFiles/AddPeripheral.elf.dir/component/uart/fsl_adapter_lpuart.c.obj
                0x0000000060003638                HAL_UartInit
 .text.HAL_UartReceiveBlocking
                0x00000000600036b0       0x5c CMakeFiles/AddPeripheral.elf.dir/component/uart/fsl_adapter_lpuart.c.obj
                0x00000000600036b0                HAL_UartReceiveBlocking
 .text.HAL_UartSendBlocking
                0x000000006000370c       0x5c CMakeFiles/AddPeripheral.elf.dir/component/uart/fsl_adapter_lpuart.c.obj
                0x000000006000370c                HAL_UartSendBlocking
 .text.CLOCK_GetOscFreq
                0x0000000060003768       0x24 CMakeFiles/AddPeripheral.elf.dir/drivers/fsl_clock.c.obj
 .text.CLOCK_IsPllBypassed
                0x000000006000378c        0xc CMakeFiles/AddPeripheral.elf.dir/drivers/fsl_clock.c.obj
 .text.CLOCK_IsPllEnabled
                0x0000000060003798       0x12 CMakeFiles/AddPeripheral.elf.dir/drivers/fsl_clock.c.obj
 .text.CLOCK_GetPllBypassRefClk
                0x00000000600037aa       0x18 CMakeFiles/AddPeripheral.elf.dir/drivers/fsl_clock.c.obj
 *fill*         0x00000000600037c2        0x2 
 .text.CLOCK_InitExternalClk
                0x00000000600037c4       0x58 CMakeFiles/AddPeripheral.elf.dir/drivers/fsl_clock.c.obj
                0x00000000600037c4                CLOCK_InitExternalClk
 .text.CLOCK_SwitchOsc
                0x000000006000381c       0x1c CMakeFiles/AddPeripheral.elf.dir/drivers/fsl_clock.c.obj
                0x000000006000381c                CLOCK_SwitchOsc
 .text.CLOCK_InitRcOsc24M
                0x0000000060003838       0x14 CMakeFiles/AddPeripheral.elf.dir/drivers/fsl_clock.c.obj
                0x0000000060003838                CLOCK_InitRcOsc24M
 .text.CLOCK_DeinitAudioPll
                0x000000006000384c       0x10 CMakeFiles/AddPeripheral.elf.dir/drivers/fsl_clock.c.obj
                0x000000006000384c                CLOCK_DeinitAudioPll
 .text.CLOCK_InitEnetPll
                0x000000006000385c       0x70 CMakeFiles/AddPeripheral.elf.dir/drivers/fsl_clock.c.obj
                0x000000006000385c                CLOCK_InitEnetPll
 .text.CLOCK_GetPllFreq
                0x00000000600038cc      0x1a4 CMakeFiles/AddPeripheral.elf.dir/drivers/fsl_clock.c.obj
                0x00000000600038cc                CLOCK_GetPllFreq
 .text._SDK_AtomicLocalClearAndSet4Byte
                0x0000000060003a70       0x1a CMakeFiles/AddPeripheral.elf.dir/drivers/fsl_lpuart.c.obj
 *fill*         0x0000000060003a8a        0x2 
 .text.CLOCK_ControlGate
                0x0000000060003a8c       0x40 CMakeFiles/AddPeripheral.elf.dir/drivers/fsl_lpuart.c.obj
 .text.CLOCK_EnableClock
                0x0000000060003acc        0xa CMakeFiles/AddPeripheral.elf.dir/drivers/fsl_lpuart.c.obj
 .text.LPUART_SoftwareReset
                0x0000000060003ad6       0x12 CMakeFiles/AddPeripheral.elf.dir/drivers/fsl_lpuart.c.obj
 .text.LPUART_GetInstance
                0x0000000060003ae8       0x3c CMakeFiles/AddPeripheral.elf.dir/drivers/fsl_lpuart.c.obj
                0x0000000060003ae8                LPUART_GetInstance
 .text.LPUART_Init
                0x0000000060003b24      0x208 CMakeFiles/AddPeripheral.elf.dir/drivers/fsl_lpuart.c.obj
                0x0000000060003b24                LPUART_Init
 .text.LPUART_GetDefaultConfig
                0x0000000060003d2c       0x50 CMakeFiles/AddPeripheral.elf.dir/drivers/fsl_lpuart.c.obj
                0x0000000060003d2c                LPUART_GetDefaultConfig
 .text.LPUART_GetStatusFlags
                0x0000000060003d7c       0x18 CMakeFiles/AddPeripheral.elf.dir/drivers/fsl_lpuart.c.obj
                0x0000000060003d7c                LPUART_GetStatusFlags
 .text.LPUART_ClearStatusFlags
                0x0000000060003d94       0x3c CMakeFiles/AddPeripheral.elf.dir/drivers/fsl_lpuart.c.obj
                0x0000000060003d94                LPUART_ClearStatusFlags
 .text.LPUART_WriteBlocking
                0x0000000060003dd0       0x40 CMakeFiles/AddPeripheral.elf.dir/drivers/fsl_lpuart.c.obj
                0x0000000060003dd0                LPUART_WriteBlocking
 .text.LPUART_ReadBlocking
                0x0000000060003e10      0x100 CMakeFiles/AddPeripheral.elf.dir/drivers/fsl_lpuart.c.obj
                0x0000000060003e10                LPUART_ReadBlocking
 .text.LPUART1_DriverIRQHandler
                0x0000000060003f10       0x20 CMakeFiles/AddPeripheral.elf.dir/drivers/fsl_lpuart.c.obj
                0x0000000060003f10                LPUART1_DriverIRQHandler
 .text.LPUART2_DriverIRQHandler
                0x0000000060003f30       0x20 CMakeFiles/AddPeripheral.elf.dir/drivers/fsl_lpuart.c.obj
                0x0000000060003f30                LPUART2_DriverIRQHandler
 .text.LPUART3_DriverIRQHandler
                0x0000000060003f50       0x20 CMakeFiles/AddPeripheral.elf.dir/drivers/fsl_lpuart.c.obj
                0x0000000060003f50                LPUART3_DriverIRQHandler
 .text.LPUART4_DriverIRQHandler
                0x0000000060003f70       0x20 CMakeFiles/AddPeripheral.elf.dir/drivers/fsl_lpuart.c.obj
                0x0000000060003f70                LPUART4_DriverIRQHandler
 .text.LPUART5_DriverIRQHandler
                0x0000000060003f90       0x20 CMakeFiles/AddPeripheral.elf.dir/drivers/fsl_lpuart.c.obj
                0x0000000060003f90                LPUART5_DriverIRQHandler
 .text.LPUART6_DriverIRQHandler
                0x0000000060003fb0       0x20 CMakeFiles/AddPeripheral.elf.dir/drivers/fsl_lpuart.c.obj
                0x0000000060003fb0                LPUART6_DriverIRQHandler
 .text.LPUART7_DriverIRQHandler
                0x0000000060003fd0       0x20 CMakeFiles/AddPeripheral.elf.dir/drivers/fsl_lpuart.c.obj
                0x0000000060003fd0                LPUART7_DriverIRQHandler
 .text.LPUART8_DriverIRQHandler
                0x0000000060003ff0       0x20 CMakeFiles/AddPeripheral.elf.dir/drivers/fsl_lpuart.c.obj
                0x0000000060003ff0                LPUART8_DriverIRQHandler
 .text.__assert_func
                0x0000000060004010       0x1c CMakeFiles/AddPeripheral.elf.dir/utilities/fsl_assert.c.obj
                0x0000000060004010                __assert_func
 .text.SystemInit
                0x000000006000402c      0x160 CMakeFiles/AddPeripheral.elf.dir/device/system_MIMXRT1021.c.obj
                0x000000006000402c                SystemInit
 .text.SystemInitHook
                0x000000006000418c        0x2 CMakeFiles/AddPeripheral.elf.dir/device/system_MIMXRT1021.c.obj
                0x000000006000418c                SystemInitHook
 *fill*         0x000000006000418e        0x2 
 .text.exit     0x0000000060004190       0x28 /usr/local/Cellar/arm-none-eabi-gcc/10.3-2021.07/gcc/bin/../lib/gcc/arm-none-eabi/10.3.1/../../../../arm-none-eabi/lib/thumb/v7e-m+dp/hard/libc_nano.a(lib_a-exit.o)
                0x0000000060004190                exit
 .text.__libc_init_array
                0x00000000600041b8       0x48 /usr/local/Cellar/arm-none-eabi-gcc/10.3-2021.07/gcc/bin/../lib/gcc/arm-none-eabi/10.3.1/../../../../arm-none-eabi/lib/thumb/v7e-m+dp/hard/libc_nano.a(lib_a-init.o)
                0x00000000600041b8                __libc_init_array
 .text.memset   0x0000000060004200       0x10 /usr/local/Cellar/arm-none-eabi-gcc/10.3-2021.07/gcc/bin/../lib/gcc/arm-none-eabi/10.3.1/../../../../arm-none-eabi/lib/thumb/v7e-m+dp/hard/libc_nano.a(lib_a-memset.o)
                0x0000000060004200                memset
 .text._exit    0x0000000060004210        0x4 /usr/local/Cellar/arm-none-eabi-gcc/10.3-2021.07/gcc/bin/../lib/gcc/arm-none-eabi/10.3.1/../../../../arm-none-eabi/lib/thumb/v7e-m+dp/hard/libnosys.a(_exit.o)
                0x0000000060004210                _exit
 *(.rodata)
 *(.rodata*)
 .rodata.BOARD_ConfigMPU.str1.4
                0x0000000060004214       0x8b CMakeFiles/AddPeripheral.elf.dir/board/board.c.obj
 *fill*         0x000000006000429f        0x1 
 .rodata.__func__.0
                0x00000000600042a0       0x10 CMakeFiles/AddPeripheral.elf.dir/board/board.c.obj
 .rodata.CLOCK_SetMux.str1.4
                0x00000000600042b0       0x76 CMakeFiles/AddPeripheral.elf.dir/board/clock_config.c.obj
 *fill*         0x0000000060004326        0x2 
 .rodata.CLOCK_ControlGate.str1.4
                0x0000000060004328        0xd CMakeFiles/AddPeripheral.elf.dir/board/clock_config.c.obj
 *fill*         0x0000000060004335        0x3 
 .rodata.enetPllConfig_BOARD_BootClockRUN
                0x0000000060004338        0x5 CMakeFiles/AddPeripheral.elf.dir/board/clock_config.c.obj
                0x0000000060004338                enetPllConfig_BOARD_BootClockRUN
 *fill*         0x000000006000433d        0x3 
 .rodata.__func__.2
                0x0000000060004340       0x12 CMakeFiles/AddPeripheral.elf.dir/board/clock_config.c.obj
 *fill*         0x0000000060004352        0x2 
 .rodata.__func__.1
                0x0000000060004354        0xd CMakeFiles/AddPeripheral.elf.dir/board/clock_config.c.obj
 *fill*         0x0000000060004361        0x3 
 .rodata.__func__.0
                0x0000000060004364        0xd CMakeFiles/AddPeripheral.elf.dir/board/clock_config.c.obj
 .rodata.CLOCK_ControlGate.str1.4
                0x0000000060004371       0x66 CMakeFiles/AddPeripheral.elf.dir/board/pin_mux.c.obj
 *fill*         0x0000000060004371        0x3 
 .rodata.__func__.0
                0x0000000060004374       0x12 CMakeFiles/AddPeripheral.elf.dir/board/pin_mux.c.obj
 *fill*         0x0000000060004386        0x2 
 .rodata.main.str1.4
                0x0000000060004388        0xf CMakeFiles/AddPeripheral.elf.dir/source/hello_world.c.obj
 *fill*         0x0000000060004397        0x1 
 .rodata.s_LpuartAdapterBase
                0x0000000060004398       0x24 CMakeFiles/AddPeripheral.elf.dir/component/uart/fsl_adapter_lpuart.c.obj
 .rodata.HAL_UartInit.str1.4
                0x00000000600043bc      0x102 CMakeFiles/AddPeripheral.elf.dir/component/uart/fsl_adapter_lpuart.c.obj
 *fill*         0x00000000600044be        0x2 
 .rodata.HAL_UartReceiveBlocking.str1.4
                0x00000000600044c0       0x1c CMakeFiles/AddPeripheral.elf.dir/component/uart/fsl_adapter_lpuart.c.obj
 .rodata.__func__.4
                0x00000000600044dc        0xd CMakeFiles/AddPeripheral.elf.dir/component/uart/fsl_adapter_lpuart.c.obj
 *fill*         0x00000000600044e9        0x3 
 .rodata.__func__.2
                0x00000000600044ec       0x18 CMakeFiles/AddPeripheral.elf.dir/component/uart/fsl_adapter_lpuart.c.obj
 .rodata.__func__.1
                0x0000000060004504       0x15 CMakeFiles/AddPeripheral.elf.dir/component/uart/fsl_adapter_lpuart.c.obj
 *fill*         0x0000000060004519        0x3 
 .rodata.CLOCK_InitExternalClk.str1.4
                0x000000006000451c       0x66 CMakeFiles/AddPeripheral.elf.dir/drivers/fsl_clock.c.obj
 *fill*         0x0000000060004582        0x2 
 .rodata.CLOCK_GetPllFreq.str1.4
                0x0000000060004584        0x6 CMakeFiles/AddPeripheral.elf.dir/drivers/fsl_clock.c.obj
 *fill*         0x000000006000458a        0x2 
 .rodata.__func__.7
                0x000000006000458c       0x16 CMakeFiles/AddPeripheral.elf.dir/drivers/fsl_clock.c.obj
 *fill*         0x00000000600045a2        0x2 
 .rodata.__func__.1
                0x00000000600045a4       0x11 CMakeFiles/AddPeripheral.elf.dir/drivers/fsl_clock.c.obj
 *fill*         0x00000000600045b5        0x3 
 .rodata.enetRefClkFreq.0
                0x00000000600045b8       0x10 CMakeFiles/AddPeripheral.elf.dir/drivers/fsl_clock.c.obj
 .rodata.CLOCK_ControlGate.str1.4
                0x00000000600045c8       0x66 CMakeFiles/AddPeripheral.elf.dir/drivers/fsl_lpuart.c.obj
 .rodata.s_lpuartBases
                0x00000000600045c8       0x24 CMakeFiles/AddPeripheral.elf.dir/drivers/fsl_lpuart.c.obj
 .rodata.s_lpuartClock
                0x00000000600045ec       0x12 CMakeFiles/AddPeripheral.elf.dir/drivers/fsl_lpuart.c.obj
 *fill*         0x00000000600045fe        0x2 
 .rodata.LPUART_GetInstance.str1.4
                0x0000000060004600       0x7f CMakeFiles/AddPeripheral.elf.dir/drivers/fsl_lpuart.c.obj
 .rodata.LPUART_WriteNonBlocking.str1.4
                0x000000006000467f        0xd CMakeFiles/AddPeripheral.elf.dir/drivers/fsl_lpuart.c.obj
 *fill*         0x000000006000467f        0x1 
 .rodata.LPUART_Init.str1.4
                0x0000000060004680       0xac CMakeFiles/AddPeripheral.elf.dir/drivers/fsl_lpuart.c.obj
                                         0xbc (size before relaxing)
 .rodata.__func__.22
                0x000000006000472c       0x13 CMakeFiles/AddPeripheral.elf.dir/drivers/fsl_lpuart.c.obj
 *fill*         0x000000006000473f        0x1 
 .rodata.__func__.17
                0x0000000060004740        0xc CMakeFiles/AddPeripheral.elf.dir/drivers/fsl_lpuart.c.obj
 .rodata.__func__.16
                0x000000006000474c       0x12 CMakeFiles/AddPeripheral.elf.dir/drivers/fsl_lpuart.c.obj
 *fill*         0x000000006000475e        0x2 
 .rodata.__func__.15
                0x0000000060004760       0x18 CMakeFiles/AddPeripheral.elf.dir/drivers/fsl_lpuart.c.obj
 .rodata.__func__.11
                0x0000000060004778       0x15 CMakeFiles/AddPeripheral.elf.dir/drivers/fsl_lpuart.c.obj
 *fill*         0x000000006000478d        0x3 
 .rodata.__func__.10
                0x0000000060004790       0x14 CMakeFiles/AddPeripheral.elf.dir/drivers/fsl_lpuart.c.obj
 .rodata.__assert_func.str1.4
                0x00000000600047a4       0x3e CMakeFiles/AddPeripheral.elf.dir/utilities/fsl_assert.c.obj
 *fill*         0x00000000600047e2        0x2 
 .rodata._global_impure_ptr
                0x00000000600047e4        0x4 /usr/local/Cellar/arm-none-eabi-gcc/10.3-2021.07/gcc/bin/../lib/gcc/arm-none-eabi/10.3.1/../../../../arm-none-eabi/lib/thumb/v7e-m+dp/hard/libc_nano.a(lib_a-impure.o)
                0x00000000600047e4                _global_impure_ptr
 *(.glue_7)
 .glue_7        0x00000000600047e8        0x0 linker stubs
 *(.glue_7t)
 .glue_7t       0x00000000600047e8        0x0 linker stubs
 *(.eh_frame)
 .eh_frame      0x00000000600047e8        0x0 /usr/local/Cellar/arm-none-eabi-gcc/10.3-2021.07/gcc/bin/../lib/gcc/arm-none-eabi/10.3.1/thumb/v7e-m+dp/hard/crtbegin.o
 *(.init)
 .init          0x00000000600047e8        0x4 /usr/local/Cellar/arm-none-eabi-gcc/10.3-2021.07/gcc/bin/../lib/gcc/arm-none-eabi/10.3.1/thumb/v7e-m+dp/hard/crti.o
                0x00000000600047e8                _init
 .init          0x00000000600047ec        0x8 /usr/local/Cellar/arm-none-eabi-gcc/10.3-2021.07/gcc/bin/../lib/gcc/arm-none-eabi/10.3.1/thumb/v7e-m+dp/hard/crtn.o
 *(.fini)
 .fini          0x00000000600047f4        0x4 /usr/local/Cellar/arm-none-eabi-gcc/10.3-2021.07/gcc/bin/../lib/gcc/arm-none-eabi/10.3.1/thumb/v7e-m+dp/hard/crti.o
                0x00000000600047f4                _fini
 .fini          0x00000000600047f8        0x8 /usr/local/Cellar/arm-none-eabi-gcc/10.3-2021.07/gcc/bin/../lib/gcc/arm-none-eabi/10.3.1/thumb/v7e-m+dp/hard/crtn.o
                0x0000000060004800                . = ALIGN (0x4)

.vfp11_veneer   0x0000000060004800        0x0
 .vfp11_veneer  0x0000000060004800        0x0 linker stubs

.v4_bx          0x0000000060004800        0x0
 .v4_bx         0x0000000060004800        0x0 linker stubs

.iplt           0x0000000060004800        0x0
 .iplt          0x0000000060004800        0x0 /usr/local/Cellar/arm-none-eabi-gcc/10.3-2021.07/gcc/bin/../lib/gcc/arm-none-eabi/10.3.1/thumb/v7e-m+dp/hard/crtbegin.o

.ARM.extab
 *(.ARM.extab* .gnu.linkonce.armextab.*)

.ARM            0x0000000060004800        0x8
                0x0000000060004800                __exidx_start = .
 *(.ARM.exidx*)
 .ARM.exidx     0x0000000060004800        0x8 /usr/local/Cellar/arm-none-eabi-gcc/10.3-2021.07/gcc/bin/../lib/gcc/arm-none-eabi/10.3.1/../../../../arm-none-eabi/lib/thumb/v7e-m+dp/hard/crt0.o
                                         0x10 (size before relaxing)
                0x0000000060004808                __exidx_end = .

.rel.dyn        0x0000000060004808        0x0
 .rel.iplt      0x0000000060004808        0x0 /usr/local/Cellar/arm-none-eabi-gcc/10.3-2021.07/gcc/bin/../lib/gcc/arm-none-eabi/10.3.1/thumb/v7e-m+dp/hard/crtbegin.o

.ctors          0x0000000060004808        0x0
                0x0000000060004808                __CTOR_LIST__ = .
 *crtbegin.o(.ctors)
 *crtbegin?.o(.ctors)
 *(EXCLUDE_FILE(*crtend.o *crtend?.o) .ctors)
 *(SORT_BY_NAME(.ctors.*))
 *(.ctors)
                0x0000000060004808                __CTOR_END__ = .

.dtors          0x0000000060004808        0x0
                0x0000000060004808                __DTOR_LIST__ = .
 *crtbegin.o(.dtors)
 *crtbegin?.o(.dtors)
 *(EXCLUDE_FILE(*crtend.o *crtend?.o) .dtors)
 *(SORT_BY_NAME(.dtors.*))
 *(.dtors)
                0x0000000060004808                __DTOR_END__ = .

.preinit_array  0x0000000060004808        0x0
                0x0000000060004808                PROVIDE (__preinit_array_start = .)
 *(.preinit_array*)
                0x0000000060004808                PROVIDE (__preinit_array_end = .)

.init_array     0x0000000060004808        0x4
                0x0000000060004808                PROVIDE (__init_array_start = .)
 *(SORT_BY_NAME(.init_array.*))
 *(.init_array*)
 .init_array    0x0000000060004808        0x4 /usr/local/Cellar/arm-none-eabi-gcc/10.3-2021.07/gcc/bin/../lib/gcc/arm-none-eabi/10.3.1/thumb/v7e-m+dp/hard/crtbegin.o
                0x000000006000480c                PROVIDE (__init_array_end = .)

.fini_array     0x000000006000480c        0x4
                [!provide]                        PROVIDE (__fini_array_start = .)
 *(SORT_BY_NAME(.fini_array.*))
 *(.fini_array*)
 .fini_array    0x000000006000480c        0x4 /usr/local/Cellar/arm-none-eabi-gcc/10.3-2021.07/gcc/bin/../lib/gcc/arm-none-eabi/10.3.1/thumb/v7e-m+dp/hard/crtbegin.o
                [!provide]                        PROVIDE (__fini_array_end = .)
                0x0000000060004810                __etext = .
                0x0000000060004810                __DATA_ROM = .

.interrupts_ram
                0x0000000080000000        0x0
                0x0000000080000000                . = ALIGN (0x4)
                0x0000000080000000                __VECTOR_RAM__ = .
                0x0000000080000000                __interrupts_ram_start__ = .
 *(.m_interrupts_ram)
                0x0000000080000000                . = (. + VECTOR_RAM_SIZE)
                0x0000000080000000                . = ALIGN (0x4)
                0x0000000080000000                __interrupts_ram_end__ = .
                0x0000000060002000                __VECTOR_RAM = DEFINED (__ram_vector_table__)?__VECTOR_RAM__:ORIGIN (m_interrupts)
                0x0000000000000000                __RAM_VECTOR_TABLE_SIZE_BYTES = DEFINED (__ram_vector_table__)?(__interrupts_ram_end__ - __interrupts_ram_start__):0x0

.data           0x0000000080000000       0x64 load address 0x0000000060004810
                0x0000000080000000                . = ALIGN (0x4)
                0x0000000080000000                __DATA_RAM = .
                0x0000000080000000                __data_start__ = .
 *(m_usb_dma_init_data)
 *(.data)
 *(.data*)
 .data.SystemCoreClock
                0x0000000080000000        0x4 CMakeFiles/AddPeripheral.elf.dir/device/system_MIMXRT1021.c.obj
                0x0000000080000000                SystemCoreClock
 .data.impure_data
                0x0000000080000004       0x60 /usr/local/Cellar/arm-none-eabi-gcc/10.3-2021.07/gcc/bin/../lib/gcc/arm-none-eabi/10.3.1/../../../../arm-none-eabi/lib/thumb/v7e-m+dp/hard/libc_nano.a(lib_a-impure.o)
 *(.jcr*)
                0x0000000080000064                . = ALIGN (0x4)
                0x0000000080000064                __data_end__ = .
                0x0000000060004874                __ram_function_flash_start = (__DATA_ROM + (__data_end__ - __data_start__))

.igot.plt       0x0000000080000064        0x0 load address 0x0000000060004874
 .igot.plt      0x0000000080000064        0x0 /usr/local/Cellar/arm-none-eabi-gcc/10.3-2021.07/gcc/bin/../lib/gcc/arm-none-eabi/10.3.1/thumb/v7e-m+dp/hard/crtbegin.o

.ram_function   0x0000000000000000        0x0 load address 0x0000000060004874
                0x0000000000000000                . = ALIGN (0x20)
                0x0000000000000000                __ram_function_start__ = .
 *(CodeQuickAccess)
                0x0000000000000000                . = ALIGN (0x80)
                0x0000000000000000                __ram_function_end__ = .
                0x0000000060004874                __NDATA_ROM = (__ram_function_flash_start + (__ram_function_end__ - __ram_function_start__))

.ncache.init    0x0000000081e00000        0x0 load address 0x0000000060004874
                0x0000000081e00000                __noncachedata_start__ = .
 *(NonCacheable.init)
                0x0000000081e00000                . = ALIGN (0x4)
                0x0000000081e00000                __noncachedata_init_end__ = .
                0x0000000081e00000                . = __noncachedata_init_end__

.ncache         0x0000000081e00000        0x0
 *(NonCacheable)
                0x0000000081e00000                . = ALIGN (0x4)
                0x0000000081e00000                __noncachedata_end__ = .
                0x0000000060004874                __DATA_END = (__NDATA_ROM + (__noncachedata_init_end__ - __noncachedata_start__))
                0x0000000060800000                text_end = (ORIGIN (m_text) + LENGTH (m_text))
                0x0000000000000001                ASSERT ((__DATA_END <= text_end), region m_text overflowed with text and data)

.bss            0x0000000080000064       0x60 load address 0x0000000060004874
                0x0000000080000064                . = ALIGN (0x4)
                0x0000000080000064                __START_BSS = .
                0x0000000080000064                __bss_start__ = .
 *(m_usb_dma_noninit_data)
 *(.bss)
 .bss           0x0000000080000064       0x1c /usr/local/Cellar/arm-none-eabi-gcc/10.3-2021.07/gcc/bin/../lib/gcc/arm-none-eabi/10.3.1/thumb/v7e-m+dp/hard/crtbegin.o
 *(.bss*)
 .bss.s_debugConsole
                0x0000000080000080       0x14 CMakeFiles/AddPeripheral.elf.dir/utilities/fsl_debug_console.c.obj
 .bss.g_xtalFreq
                0x0000000080000094        0x4 CMakeFiles/AddPeripheral.elf.dir/drivers/fsl_clock.c.obj
                0x0000000080000094                g_xtalFreq
 .bss.g_rtcXtalFreq
                0x0000000080000098        0x4 CMakeFiles/AddPeripheral.elf.dir/drivers/fsl_clock.c.obj
                0x0000000080000098                g_rtcXtalFreq
 .bss.s_lpuartHandle
                0x000000008000009c       0x24 CMakeFiles/AddPeripheral.elf.dir/drivers/fsl_lpuart.c.obj
                0x000000008000009c                s_lpuartHandle
 .bss.s_lpuartIsr
                0x00000000800000c0        0x4 CMakeFiles/AddPeripheral.elf.dir/drivers/fsl_lpuart.c.obj
                0x00000000800000c0                s_lpuartIsr
 *(COMMON)
                0x00000000800000c4                . = ALIGN (0x4)
                0x00000000800000c4                __bss_end__ = .
                0x00000000800000c4                __END_BSS = .

.heap           0x0000000081dffc00      0x400
                0x0000000081dffc00                . = ALIGN (0x8)
                0x0000000081dffc00                __end__ = .
                0x0000000081dffc00                PROVIDE (end = .)
                0x0000000081dffc00                __HeapBase = .
                0x0000000081e00000                . = (. + HEAP_SIZE)
 *fill*         0x0000000081dffc00      0x400 
                0x0000000081e00000                __HeapLimit = .
                0x0000000081e00000                __heap_limit = .

.stack          0x00000000800000c4      0x404 load address 0x00000000600048d4
                0x00000000800000c8                . = ALIGN (0x8)
 *fill*         0x00000000800000c4        0x4 
                0x00000000800004c8                . = (. + STACK_SIZE)
 *fill*         0x00000000800000c8      0x400 
                0x0000000081dffc00                __StackTop = (ORIGIN (m_data) + LENGTH (m_data))
                0x0000000081dff800                __StackLimit = (__StackTop - STACK_SIZE)
                0x0000000081dffc00                PROVIDE (__stack = __StackTop)

.ARM.attributes
                0x0000000000000000       0x2e
 *(.ARM.attributes)
 .ARM.attributes
                0x0000000000000000       0x1e /usr/local/Cellar/arm-none-eabi-gcc/10.3-2021.07/gcc/bin/../lib/gcc/arm-none-eabi/10.3.1/thumb/v7e-m+dp/hard/crti.o
 .ARM.attributes
                0x000000000000001e       0x32 /usr/local/Cellar/arm-none-eabi-gcc/10.3-2021.07/gcc/bin/../lib/gcc/arm-none-eabi/10.3.1/thumb/v7e-m+dp/hard/crtbegin.o
 .ARM.attributes
                0x0000000000000050       0x1c /usr/local/Cellar/arm-none-eabi-gcc/10.3-2021.07/gcc/bin/../lib/gcc/arm-none-eabi/10.3.1/../../../../arm-none-eabi/lib/thumb/v7e-m+dp/hard/crt0.o
 .ARM.attributes
                0x000000000000006c       0x32 CMakeFiles/AddPeripheral.elf.dir/board/board.c.obj
 .ARM.attributes
                0x000000000000009e       0x32 CMakeFiles/AddPeripheral.elf.dir/board/clock_config.c.obj
 .ARM.attributes
                0x00000000000000d0       0x37 CMakeFiles/AddPeripheral.elf.dir/board/dcd.c.obj
 .ARM.attributes
                0x0000000000000107       0x32 CMakeFiles/AddPeripheral.elf.dir/board/pin_mux.c.obj
 .ARM.attributes
                0x0000000000000139       0x32 CMakeFiles/AddPeripheral.elf.dir/source/hello_world.c.obj
 .ARM.attributes
                0x000000000000016b       0x32 CMakeFiles/AddPeripheral.elf.dir/utilities/fsl_debug_console.c.obj
 .ARM.attributes
                0x000000000000019d       0x32 CMakeFiles/AddPeripheral.elf.dir/component/uart/fsl_adapter_lpuart.c.obj
 .ARM.attributes
                0x00000000000001cf       0x32 CMakeFiles/AddPeripheral.elf.dir/drivers/fsl_clock.c.obj
 .ARM.attributes
                0x0000000000000201       0x32 CMakeFiles/AddPeripheral.elf.dir/drivers/fsl_lpuart.c.obj
 .ARM.attributes
                0x0000000000000233       0x32 CMakeFiles/AddPeripheral.elf.dir/utilities/fsl_assert.c.obj
 .ARM.attributes
                0x0000000000000265       0x1d CMakeFiles/AddPeripheral.elf.dir/startup/startup_MIMXRT1021.S.obj
 .ARM.attributes
                0x0000000000000282       0x32 CMakeFiles/AddPeripheral.elf.dir/device/system_MIMXRT1021.c.obj
 .ARM.attributes
                0x00000000000002b4       0x37 CMakeFiles/AddPeripheral.elf.dir/xip/fsl_flexspi_nor_boot.c.obj
 .ARM.attributes
                0x00000000000002eb       0x37 CMakeFiles/AddPeripheral.elf.dir/xip/evkmimxrt1020_flexspi_nor_config.c.obj
 .ARM.attributes
                0x0000000000000322       0x32 /usr/local/Cellar/arm-none-eabi-gcc/10.3-2021.07/gcc/bin/../lib/gcc/arm-none-eabi/10.3.1/../../../../arm-none-eabi/lib/thumb/v7e-m+dp/hard/libc_nano.a(lib_a-exit.o)
 .ARM.attributes
                0x0000000000000354       0x30 /usr/local/Cellar/arm-none-eabi-gcc/10.3-2021.07/gcc/bin/../lib/gcc/arm-none-eabi/10.3.1/../../../../arm-none-eabi/lib/thumb/v7e-m+dp/hard/libc_nano.a(lib_a-impure.o)
 .ARM.attributes
                0x0000000000000384       0x32 /usr/local/Cellar/arm-none-eabi-gcc/10.3-2021.07/gcc/bin/../lib/gcc/arm-none-eabi/10.3.1/../../../../arm-none-eabi/lib/thumb/v7e-m+dp/hard/libc_nano.a(lib_a-init.o)
 .ARM.attributes
                0x00000000000003b6       0x32 /usr/local/Cellar/arm-none-eabi-gcc/10.3-2021.07/gcc/bin/../lib/gcc/arm-none-eabi/10.3.1/../../../../arm-none-eabi/lib/thumb/v7e-m+dp/hard/libc_nano.a(lib_a-memset.o)
 .ARM.attributes
                0x00000000000003e8       0x17 /usr/local/Cellar/arm-none-eabi-gcc/10.3-2021.07/gcc/bin/../lib/gcc/arm-none-eabi/10.3.1/../../../../arm-none-eabi/lib/thumb/v7e-m+dp/hard/libc_nano.a(lib_a-strlen.o)
 .ARM.attributes
                0x00000000000003ff       0x32 /usr/local/Cellar/arm-none-eabi-gcc/10.3-2021.07/gcc/bin/../lib/gcc/arm-none-eabi/10.3.1/../../../../arm-none-eabi/lib/thumb/v7e-m+dp/hard/libnosys.a(_exit.o)
 .ARM.attributes
                0x0000000000000431       0x1e /usr/local/Cellar/arm-none-eabi-gcc/10.3-2021.07/gcc/bin/../lib/gcc/arm-none-eabi/10.3.1/thumb/v7e-m+dp/hard/crtn.o
OUTPUT(../FLEXSPI_NOR_SDRAM_DEBUG/AddPeripheral.elf elf32-littlearm)
LOAD linker stubs

.debug_info     0x0000000000000000     0xa80b
 .debug_info    0x0000000000000000      0xef5 CMakeFiles/AddPeripheral.elf.dir/board/board.c.obj
 .debug_info    0x0000000000000ef5     0x16f8 CMakeFiles/AddPeripheral.elf.dir/board/clock_config.c.obj
 .debug_info    0x00000000000025ed       0x9d CMakeFiles/AddPeripheral.elf.dir/board/dcd.c.obj
 .debug_info    0x000000000000268a      0x83c CMakeFiles/AddPeripheral.elf.dir/board/pin_mux.c.obj
 .debug_info    0x0000000000002ec6       0x9c CMakeFiles/AddPeripheral.elf.dir/source/hello_world.c.obj
 .debug_info    0x0000000000002f62      0xbce CMakeFiles/AddPeripheral.elf.dir/utilities/fsl_debug_console.c.obj
 .debug_info    0x0000000000003b30      0xb50 CMakeFiles/AddPeripheral.elf.dir/component/uart/fsl_adapter_lpuart.c.obj
 .debug_info    0x0000000000004680     0x2160 CMakeFiles/AddPeripheral.elf.dir/drivers/fsl_clock.c.obj
 .debug_info    0x00000000000067e0     0x271e CMakeFiles/AddPeripheral.elf.dir/drivers/fsl_lpuart.c.obj
 .debug_info    0x0000000000008efe       0xd0 CMakeFiles/AddPeripheral.elf.dir/utilities/fsl_assert.c.obj
 .debug_info    0x0000000000008fce       0x26 CMakeFiles/AddPeripheral.elf.dir/startup/startup_MIMXRT1021.S.obj
 .debug_info    0x0000000000008ff4      0xc1b CMakeFiles/AddPeripheral.elf.dir/device/system_MIMXRT1021.c.obj
 .debug_info    0x0000000000009c0f      0x45b CMakeFiles/AddPeripheral.elf.dir/xip/fsl_flexspi_nor_boot.c.obj
 .debug_info    0x000000000000a06a      0x7a1 CMakeFiles/AddPeripheral.elf.dir/xip/evkmimxrt1020_flexspi_nor_config.c.obj

.debug_abbrev   0x0000000000000000     0x184b
 .debug_abbrev  0x0000000000000000      0x2c6 CMakeFiles/AddPeripheral.elf.dir/board/board.c.obj
 .debug_abbrev  0x00000000000002c6      0x2ae CMakeFiles/AddPeripheral.elf.dir/board/clock_config.c.obj
 .debug_abbrev  0x0000000000000574       0x61 CMakeFiles/AddPeripheral.elf.dir/board/dcd.c.obj
 .debug_abbrev  0x00000000000005d5      0x212 CMakeFiles/AddPeripheral.elf.dir/board/pin_mux.c.obj
 .debug_abbrev  0x00000000000007e7       0x55 CMakeFiles/AddPeripheral.elf.dir/source/hello_world.c.obj
 .debug_abbrev  0x000000000000083c      0x23f CMakeFiles/AddPeripheral.elf.dir/utilities/fsl_debug_console.c.obj
 .debug_abbrev  0x0000000000000a7b      0x1c6 CMakeFiles/AddPeripheral.elf.dir/component/uart/fsl_adapter_lpuart.c.obj
 .debug_abbrev  0x0000000000000c41      0x363 CMakeFiles/AddPeripheral.elf.dir/drivers/fsl_clock.c.obj
 .debug_abbrev  0x0000000000000fa4      0x4a4 CMakeFiles/AddPeripheral.elf.dir/drivers/fsl_lpuart.c.obj
 .debug_abbrev  0x0000000000001448       0x68 CMakeFiles/AddPeripheral.elf.dir/utilities/fsl_assert.c.obj
 .debug_abbrev  0x00000000000014b0       0x14 CMakeFiles/AddPeripheral.elf.dir/startup/startup_MIMXRT1021.S.obj
 .debug_abbrev  0x00000000000014c4      0x1b0 CMakeFiles/AddPeripheral.elf.dir/device/system_MIMXRT1021.c.obj
 .debug_abbrev  0x0000000000001674       0xd0 CMakeFiles/AddPeripheral.elf.dir/xip/fsl_flexspi_nor_boot.c.obj
 .debug_abbrev  0x0000000000001744      0x107 CMakeFiles/AddPeripheral.elf.dir/xip/evkmimxrt1020_flexspi_nor_config.c.obj

.debug_aranges  0x0000000000000000      0x5b0
 .debug_aranges
                0x0000000000000000       0x58 CMakeFiles/AddPeripheral.elf.dir/board/board.c.obj
 .debug_aranges
                0x0000000000000058       0x78 CMakeFiles/AddPeripheral.elf.dir/board/clock_config.c.obj
 .debug_aranges
                0x00000000000000d0       0x18 CMakeFiles/AddPeripheral.elf.dir/board/dcd.c.obj
 .debug_aranges
                0x00000000000000e8       0x50 CMakeFiles/AddPeripheral.elf.dir/board/pin_mux.c.obj
 .debug_aranges
                0x0000000000000138       0x20 CMakeFiles/AddPeripheral.elf.dir/source/hello_world.c.obj
 .debug_aranges
                0x0000000000000158       0x70 CMakeFiles/AddPeripheral.elf.dir/utilities/fsl_debug_console.c.obj
 .debug_aranges
                0x00000000000001c8       0x58 CMakeFiles/AddPeripheral.elf.dir/component/uart/fsl_adapter_lpuart.c.obj
 .debug_aranges
                0x0000000000000220      0x168 CMakeFiles/AddPeripheral.elf.dir/drivers/fsl_clock.c.obj
 .debug_aranges
                0x0000000000000388      0x188 CMakeFiles/AddPeripheral.elf.dir/drivers/fsl_lpuart.c.obj
 .debug_aranges
                0x0000000000000510       0x20 CMakeFiles/AddPeripheral.elf.dir/utilities/fsl_assert.c.obj
 .debug_aranges
                0x0000000000000530       0x20 CMakeFiles/AddPeripheral.elf.dir/startup/startup_MIMXRT1021.S.obj
 .debug_aranges
                0x0000000000000550       0x30 CMakeFiles/AddPeripheral.elf.dir/device/system_MIMXRT1021.c.obj
 .debug_aranges
                0x0000000000000580       0x18 CMakeFiles/AddPeripheral.elf.dir/xip/fsl_flexspi_nor_boot.c.obj
 .debug_aranges
                0x0000000000000598       0x18 CMakeFiles/AddPeripheral.elf.dir/xip/evkmimxrt1020_flexspi_nor_config.c.obj

.debug_ranges   0x0000000000000000      0x4f0
 .debug_ranges  0x0000000000000000       0x60 CMakeFiles/AddPeripheral.elf.dir/board/board.c.obj
 .debug_ranges  0x0000000000000060       0x68 CMakeFiles/AddPeripheral.elf.dir/board/clock_config.c.obj
 .debug_ranges  0x00000000000000c8       0x40 CMakeFiles/AddPeripheral.elf.dir/board/pin_mux.c.obj
 .debug_ranges  0x0000000000000108       0x10 CMakeFiles/AddPeripheral.elf.dir/source/hello_world.c.obj
 .debug_ranges  0x0000000000000118       0x60 CMakeFiles/AddPeripheral.elf.dir/utilities/fsl_debug_console.c.obj
 .debug_ranges  0x0000000000000178       0x48 CMakeFiles/AddPeripheral.elf.dir/component/uart/fsl_adapter_lpuart.c.obj
 .debug_ranges  0x00000000000001c0      0x158 CMakeFiles/AddPeripheral.elf.dir/drivers/fsl_clock.c.obj
 .debug_ranges  0x0000000000000318      0x190 CMakeFiles/AddPeripheral.elf.dir/drivers/fsl_lpuart.c.obj
 .debug_ranges  0x00000000000004a8       0x10 CMakeFiles/AddPeripheral.elf.dir/utilities/fsl_assert.c.obj
 .debug_ranges  0x00000000000004b8       0x38 CMakeFiles/AddPeripheral.elf.dir/device/system_MIMXRT1021.c.obj

.debug_line     0x0000000000000000     0x403c
 .debug_line    0x0000000000000000      0x51d CMakeFiles/AddPeripheral.elf.dir/board/board.c.obj
 .debug_line    0x000000000000051d      0x537 CMakeFiles/AddPeripheral.elf.dir/board/clock_config.c.obj
 .debug_line    0x0000000000000a54       0xd8 CMakeFiles/AddPeripheral.elf.dir/board/dcd.c.obj
 .debug_line    0x0000000000000b2c      0x30d CMakeFiles/AddPeripheral.elf.dir/board/pin_mux.c.obj
 .debug_line    0x0000000000000e39       0x9d CMakeFiles/AddPeripheral.elf.dir/source/hello_world.c.obj
 .debug_line    0x0000000000000ed6      0x85b CMakeFiles/AddPeripheral.elf.dir/utilities/fsl_debug_console.c.obj
 .debug_line    0x0000000000001731      0x363 CMakeFiles/AddPeripheral.elf.dir/component/uart/fsl_adapter_lpuart.c.obj
 .debug_line    0x0000000000001a94      0xb8d CMakeFiles/AddPeripheral.elf.dir/drivers/fsl_clock.c.obj
 .debug_line    0x0000000000002621     0x1132 CMakeFiles/AddPeripheral.elf.dir/drivers/fsl_lpuart.c.obj
 .debug_line    0x0000000000003753       0xeb CMakeFiles/AddPeripheral.elf.dir/utilities/fsl_assert.c.obj
 .debug_line    0x000000000000383e      0x1db CMakeFiles/AddPeripheral.elf.dir/startup/startup_MIMXRT1021.S.obj
 .debug_line    0x0000000000003a19      0x355 CMakeFiles/AddPeripheral.elf.dir/device/system_MIMXRT1021.c.obj
 .debug_line    0x0000000000003d6e      0x15b CMakeFiles/AddPeripheral.elf.dir/xip/fsl_flexspi_nor_boot.c.obj
 .debug_line    0x0000000000003ec9      0x173 CMakeFiles/AddPeripheral.elf.dir/xip/evkmimxrt1020_flexspi_nor_config.c.obj

.debug_str      0x0000000000000000     0x5b4c
 .debug_str     0x0000000000000000      0xa91 CMakeFiles/AddPeripheral.elf.dir/board/board.c.obj
                                        0xad7 (size before relaxing)
 .debug_str     0x0000000000000a91     0x1539 CMakeFiles/AddPeripheral.elf.dir/board/clock_config.c.obj
                                       0x1ccb (size before relaxing)
 .debug_str     0x0000000000001fca       0x57 CMakeFiles/AddPeripheral.elf.dir/board/dcd.c.obj
                                        0x200 (size before relaxing)
 .debug_str     0x0000000000002021      0x100 CMakeFiles/AddPeripheral.elf.dir/board/pin_mux.c.obj
                                        0x9cb (size before relaxing)
 .debug_str     0x0000000000002121       0x5c CMakeFiles/AddPeripheral.elf.dir/source/hello_world.c.obj
                                        0x208 (size before relaxing)
 .debug_str     0x000000000000217d      0x69d CMakeFiles/AddPeripheral.elf.dir/utilities/fsl_debug_console.c.obj
                                       0x1169 (size before relaxing)
 .debug_str     0x000000000000281a      0x547 CMakeFiles/AddPeripheral.elf.dir/component/uart/fsl_adapter_lpuart.c.obj
                                       0x12ce (size before relaxing)
 .debug_str     0x0000000000002d61      0xf57 CMakeFiles/AddPeripheral.elf.dir/drivers/fsl_clock.c.obj
                                       0x22d6 (size before relaxing)
 .debug_str     0x0000000000003cb8     0x164f CMakeFiles/AddPeripheral.elf.dir/drivers/fsl_lpuart.c.obj
                                       0x2d7f (size before relaxing)
 .debug_str     0x0000000000005307       0x7c CMakeFiles/AddPeripheral.elf.dir/utilities/fsl_assert.c.obj
                                        0x22d (size before relaxing)
 .debug_str     0x0000000000005383       0x6d CMakeFiles/AddPeripheral.elf.dir/startup/startup_MIMXRT1021.S.obj
                                         0xb5 (size before relaxing)
 .debug_str     0x00000000000053f0       0xeb CMakeFiles/AddPeripheral.elf.dir/device/system_MIMXRT1021.c.obj
                                        0x730 (size before relaxing)
 .debug_str     0x00000000000054db       0xda CMakeFiles/AddPeripheral.elf.dir/xip/fsl_flexspi_nor_boot.c.obj
                                        0xb3e (size before relaxing)
 .debug_str     0x00000000000055b5      0x597 CMakeFiles/AddPeripheral.elf.dir/xip/evkmimxrt1020_flexspi_nor_config.c.obj
                                       0x100a (size before relaxing)

.comment        0x0000000000000000       0x49
 .comment       0x0000000000000000       0x49 CMakeFiles/AddPeripheral.elf.dir/board/board.c.obj
                                         0x4a (size before relaxing)
 .comment       0x0000000000000049       0x4a CMakeFiles/AddPeripheral.elf.dir/board/clock_config.c.obj
 .comment       0x0000000000000049       0x4a CMakeFiles/AddPeripheral.elf.dir/board/dcd.c.obj
 .comment       0x0000000000000049       0x4a CMakeFiles/AddPeripheral.elf.dir/board/pin_mux.c.obj
 .comment       0x0000000000000049       0x4a CMakeFiles/AddPeripheral.elf.dir/source/hello_world.c.obj
 .comment       0x0000000000000049       0x4a CMakeFiles/AddPeripheral.elf.dir/utilities/fsl_debug_console.c.obj
 .comment       0x0000000000000049       0x4a CMakeFiles/AddPeripheral.elf.dir/component/uart/fsl_adapter_lpuart.c.obj
 .comment       0x0000000000000049       0x4a CMakeFiles/AddPeripheral.elf.dir/drivers/fsl_clock.c.obj
 .comment       0x0000000000000049       0x4a CMakeFiles/AddPeripheral.elf.dir/drivers/fsl_lpuart.c.obj
 .comment       0x0000000000000049       0x4a CMakeFiles/AddPeripheral.elf.dir/utilities/fsl_assert.c.obj
 .comment       0x0000000000000049       0x4a CMakeFiles/AddPeripheral.elf.dir/device/system_MIMXRT1021.c.obj
 .comment       0x0000000000000049       0x4a CMakeFiles/AddPeripheral.elf.dir/xip/fsl_flexspi_nor_boot.c.obj
 .comment       0x0000000000000049       0x4a CMakeFiles/AddPeripheral.elf.dir/xip/evkmimxrt1020_flexspi_nor_config.c.obj

.debug_frame    0x0000000000000000      0xe58
 .debug_frame   0x0000000000000000       0xdc CMakeFiles/AddPeripheral.elf.dir/board/board.c.obj
 .debug_frame   0x00000000000000dc      0x120 CMakeFiles/AddPeripheral.elf.dir/board/clock_config.c.obj
 .debug_frame   0x00000000000001fc       0xcc CMakeFiles/AddPeripheral.elf.dir/board/pin_mux.c.obj
 .debug_frame   0x00000000000002c8       0x28 CMakeFiles/AddPeripheral.elf.dir/source/hello_world.c.obj
 .debug_frame   0x00000000000002f0      0x1a0 CMakeFiles/AddPeripheral.elf.dir/utilities/fsl_debug_console.c.obj
 .debug_frame   0x0000000000000490       0xcc CMakeFiles/AddPeripheral.elf.dir/component/uart/fsl_adapter_lpuart.c.obj
 .debug_frame   0x000000000000055c      0x36c CMakeFiles/AddPeripheral.elf.dir/drivers/fsl_clock.c.obj
 .debug_frame   0x00000000000008c8      0x480 CMakeFiles/AddPeripheral.elf.dir/drivers/fsl_lpuart.c.obj
 .debug_frame   0x0000000000000d48       0x28 CMakeFiles/AddPeripheral.elf.dir/utilities/fsl_assert.c.obj
 .debug_frame   0x0000000000000d70       0x54 CMakeFiles/AddPeripheral.elf.dir/device/system_MIMXRT1021.c.obj
 .debug_frame   0x0000000000000dc4       0x28 /usr/local/Cellar/arm-none-eabi-gcc/10.3-2021.07/gcc/bin/../lib/gcc/arm-none-eabi/10.3.1/../../../../arm-none-eabi/lib/thumb/v7e-m+dp/hard/libc_nano.a(lib_a-exit.o)
 .debug_frame   0x0000000000000dec       0x2c /usr/local/Cellar/arm-none-eabi-gcc/10.3-2021.07/gcc/bin/../lib/gcc/arm-none-eabi/10.3.1/../../../../arm-none-eabi/lib/thumb/v7e-m+dp/hard/libc_nano.a(lib_a-init.o)
 .debug_frame   0x0000000000000e18       0x20 /usr/local/Cellar/arm-none-eabi-gcc/10.3-2021.07/gcc/bin/../lib/gcc/arm-none-eabi/10.3.1/../../../../arm-none-eabi/lib/thumb/v7e-m+dp/hard/libc_nano.a(lib_a-memset.o)
 .debug_frame   0x0000000000000e38       0x20 /usr/local/Cellar/arm-none-eabi-gcc/10.3-2021.07/gcc/bin/../lib/gcc/arm-none-eabi/10.3.1/../../../../arm-none-eabi/lib/thumb/v7e-m+dp/hard/libnosys.a(_exit.o)
